2025-11-21 23:36:06 [[32minfo[39m]: [32mInitializing normalization cache...[39m
2025-11-21 23:36:06 [[32minfo[39m]: [32mNormalizationService initialized[39m
≡ƒº¬ Testing Reviews and Schema Updates

============================================================

≡ƒôª Connecting to MongoDB...
Γ£à Connected to MongoDB

≡ƒöº Initializing scraper...
2025-11-21 23:36:06 [[32minfo[39m]: [32m≡ƒöº Initializing PriceOye scraper...[39m
2025-11-21 23:36:06 [[32minfo[39m]: [32mInitialized brand cache with 36 brands (max 36 due to backend limit)[39m
2025-11-21 23:36:06 [[32minfo[39m]: [32mΓ£à Platform loaded: PriceOye (ID: 6919ddac3af87bff38a68140)[39m
2025-11-21 23:36:06 [[32minfo[39m]: [32m≡ƒÜÇ Initializing browser...[39m
2025-11-21 23:36:07 [[32minfo[39m]: [32mΓ£à Browser initialized successfully[39m
2025-11-21 23:36:07 [[32minfo[39m]: [32mΓ£à Scraper initialized[39m
Γ£à Scraper initialized

≡ƒº╣ Cleaning up existing test data...
Γ£à Test data cleaned

≡ƒöì Scraping product with reviews...
≡ƒôì URL: https://priceoye.pk/mobiles/samsung/samsung-galaxy-s23-ultra

2025-11-21 23:36:07 [[32minfo[39m]: [32m[39m
[32m≡ƒöì Scraping product: https://priceoye.pk/mobiles/samsung/samsung-galaxy-s23-ultra[39m
2025-11-21 23:36:07 [[32minfo[39m]: [32m≡ƒôä Navigating to: https://priceoye.pk/mobiles/samsung/samsung-galaxy-s23-ultra[39m
2025-11-21 23:36:12 [[32minfo[39m]: [32mΓ£à Page loaded[39m
2025-11-21 23:36:12 [[32minfo[39m]: [32m   ≡ƒôª Found product data in JavaScript: Samsung Galaxy S23 Ultra[39m
2025-11-21 23:36:12 [[32minfo[39m]: [32m   Γ£à Extracted from JavaScript: Samsung Galaxy S23 Ultra[39m
2025-11-21 23:36:12 [[32minfo[39m]: [32m   ≡ƒÆ░ Price: Rs 382999[39m
2025-11-21 23:36:12 [[32minfo[39m]: [32m   ≡ƒôï Specs: 29 items[39m
2025-11-21 23:36:12 [[32minfo[39m]: [32m   ≡ƒû╝∩╕Å  Images: 16 items[39m
2025-11-21 23:36:12 [[32minfo[39m]: [32m   ≡ƒÅ╖∩╕Å  Normalizing brand: Samsung[39m
2025-11-21 23:36:12 [[32minfo[39m]: [32m   Γ£à Brand normalized: undefined[39m
2025-11-21 23:36:12 [[32minfo[39m]: [32m   ≡ƒôé Mapping category: Mobiles[39m
2025-11-21 23:36:12 [[32minfo[39m]: [32m   Γ£à Category mapped via CategoryMapping collection[39m
2025-11-21 23:36:12 [[32minfo[39m]: [32m   Γ£à Parent: Electronics (6919ddac3af87bff38a68158)[39m
2025-11-21 23:36:12 [[32minfo[39m]: [32m   Γ£à Subcategory: Mobile Phones (6919ddac3af87bff38a68167)[39m
2025-11-21 23:36:12 [[32minfo[39m]: [32m   ≡ƒÆ╛ Product saved: 6920b11c7eedc2d2a3d25ee7[39m
2025-11-21 23:36:12 [[32minfo[39m]: [32mΓ£à Product scraped successfully: Samsung Galaxy S23 Ultra[39m
2025-11-21 23:36:12 [[32minfo[39m]: [32m   ≡ƒÆ¼ Product has 14 reviews, scraping...[39m
2025-11-21 23:36:12 [[32minfo[39m]: [32m[39m
[32m≡ƒÆ¼ Scraping reviews for product...[39m
2025-11-21 23:36:12 [[32minfo[39m]: [32m   ≡ƒôì Navigating to: https://priceoye.pk/mobiles/samsung/samsung-galaxy-s23-ultra/reviews[39m
2025-11-21 23:36:12 [[32minfo[39m]: [32m≡ƒôä Navigating to: https://priceoye.pk/mobiles/samsung/samsung-galaxy-s23-ultra/reviews[39m
2025-11-21 23:36:17 [[32minfo[39m]: [32mΓ£à Page loaded[39m
2025-11-21 23:36:17 [[32minfo[39m]: [32m   ΓÅ│ Waiting for reviews container...[39m
2025-11-21 23:36:17 [[32minfo[39m]: [32m   Γ£à Review boxes found, waiting for complete render...[39m
2025-11-21 23:36:20 [[32minfo[39m]: [32m   ≡ƒôª Found 14 review boxes in DOM[39m
2025-11-21 23:36:20 [[32minfo[39m]: [32m   ≡ƒöì Extracting reviews from current page...[39m
2025-11-21 23:36:20 [[32minfo[39m]: [32m   ≡ƒöæ IDs: product=6920b11c..., platform=6919ddac...[39m
2025-11-21 23:36:20 [[32minfo[39m]: [32m   ≡ƒôÑ Received 14 reviews from page.evaluate[39m
2025-11-21 23:36:20 [[32minfo[39m]: [32m   Γ£à Extracted 14 reviews from HTML[39m
2025-11-21 23:36:20 [[32minfo[39m]: [32m   ≡ƒôª Batch 1: Found 14 reviews (14 new, 14 total)[39m
2025-11-21 23:36:20 [[32minfo[39m]: [32m   Γ£à No more reviews to load[39m
2025-11-21 23:36:20 [[32minfo[39m]: [32m   Γ£à Total reviews scraped: 14[39m
2025-11-21 23:36:20 [[32minfo[39m]: [32m   ≡ƒÆ╛ Saving 14 reviews to database...[39m
2025-11-21 23:36:20 [[32minfo[39m]: [32m   Γ£à Reviews saved: 14 new, 0 updated[39m

============================================================
≡ƒôè VERIFICATION RESULTS
============================================================

Γ£à TEST 1: Clean Description
------------------------------------------------------------
Description length: 1294 chars
Γ£à PASSED: Description is clean text
Sample: Visually Stunning AMOLED Display With 6.8 inch dynamic AMOLED 2x and 120Hz refresh rate Samsung Galaxy S23 Ultra gives you unforgettable visual treat for eyes. With a high resolution screen every vide...

Γ£à TEST 2: Schema Fields
------------------------------------------------------------
Schema Field Checks:
  Γ£à positive_percent: 92
  Γ£à subcategory_name: Mobile Phones
  Γ£à subcategory_id: 6919ddac3af87bff38a68167
  ΓÜá∩╕Å  sale_duration_days: undefined
  Γ£à platform_id: 6919ddac3af87bff38a68140
  Γ£à category_id: 6919ddac3af87bff38a68158
  Γ£à brand_id: 6919ddac3af87bff38a68197

Γ£à positive_percent field exists: 92%
Γ£à PASSED: Correctly calculated from rating 4.6/5

Γ£à TEST 3 & 4: Review Scraping & Pagination
------------------------------------------------------------
Total reviews scraped: 14
Product review count: 14
Γ£à PASSED: Reviews were scraped

Sample Review:
  Reviewer: Ayaz Muhammad
  Rating: 5/5
  Date: 6/8/2023
  Verified: Yes
  Helpful Votes: 0
  Text: Original project it's very good service very good service But delivery is so late 
I'm happy thanks ...

Review Schema Fields:
  Γ£à product_id
  Γ£à platform_id
  Γ£à reviewer_name
  Γ£à rating
  Γ£à text
  Γ£à review_date
  Γ£à helpful_votes
  Γ£à verified_purchase
  Γ£à sentiment_analysis

Sentiment Analysis Fields:
  needs_analysis: true
  Γ£à Ready for ML processing

============================================================
≡ƒôï SUMMARY
============================================================
Product: Samsung Galaxy S23 Ultra
Brand: undefined
Category: Electronics
Price: Rs 382999
Sale Price: Rs 329999 (14% off)
Rating: 4.6/5 (14 reviews)
Positive %: 92%
Images: 16
Specifications: 29
Reviews Scraped: 14

Γ£à All tests completed!

≡ƒÆí Next Steps:
   1. Check MongoDB to verify data structure
   2. Test with multiple products
   3. Verify review pagination with products having 50+ reviews
2025-11-21 23:36:20 [[32minfo[39m]: [32m[39m
[32m≡ƒôè Scraping Statistics:[39m
2025-11-21 23:36:20 [[32minfo[39m]: [32m   Pages Visited: 2[39m
2025-11-21 23:36:20 [[32minfo[39m]: [32m   Products Scraped: 1[39m
2025-11-21 23:36:20 [[32minfo[39m]: [32m   Errors: 0[39m
2025-11-21 23:36:20 [[32minfo[39m]: [32m   Duration: 1763750181s[39m
2025-11-21 23:36:20 [[32minfo[39m]: [32m   Success Rate: 100.00%[39m
[32m[39m
2025-11-21 23:36:21 [[32minfo[39m]: [32m≡ƒöÆ Browser closed[39m

≡ƒæï Test complete, database connection closed
